[ 2026-03-16 17:15:02,876 ] 1025 httpx - INFO - HTTP Request: GET https://dagshub.com/api/v1/user "HTTP/1.1 200 OK"
[ 2026-03-16 17:15:02,880 ] 107 dagshub - INFO - Accessing as is24bm035
[ 2026-03-16 17:15:03,943 ] 1025 httpx - INFO - HTTP Request: GET https://dagshub.com/api/v1/repos/is24bm035/Network_Security "HTTP/1.1 200 OK"
[ 2026-03-16 17:15:04,982 ] 1025 httpx - INFO - HTTP Request: GET https://dagshub.com/api/v1/user "HTTP/1.1 200 OK"
[ 2026-03-16 17:15:04,986 ] 107 dagshub - INFO - Initialized MLflow to track repo "is24bm035/Network_Security"
[ 2026-03-16 17:15:04,987 ] 107 dagshub - INFO - Repository is24bm035/Network_Security initialized!
[ 2026-03-16 17:15:04,988 ] 20 root - INFO - Initiate the data ingestion
[ 2026-03-16 17:15:12,451 ] 65 root - INFO - Performed train test split on the dataframe
[ 2026-03-16 17:15:12,452 ] 67 root - INFO - Exited split_data_as_train_test method of Data_Ingestion class
[ 2026-03-16 17:15:12,452 ] 75 root - INFO - Exporting train and test file path.
[ 2026-03-16 17:15:12,520 ] 84 root - INFO - Exported train and test file path.
[ 2026-03-16 17:15:12,521 ] 22 root - INFO - Data Initiation Completed
[ 2026-03-16 17:15:12,525 ] 26 root - INFO - Initiate the data Validation
[ 2026-03-16 17:15:12,614 ] 32 root - INFO - Required number of columns:2
[ 2026-03-16 17:15:12,614 ] 33 root - INFO - Data frame has columns:31
[ 2026-03-16 17:15:12,614 ] 32 root - INFO - Required number of columns:2
[ 2026-03-16 17:15:12,614 ] 33 root - INFO - Data frame has columns:31
[ 2026-03-16 17:15:12,753 ] 28 root - INFO - data Validation Completed
[ 2026-03-16 17:15:12,754 ] 31 root - INFO - data Transformation started
[ 2026-03-16 17:15:12,754 ] 63 root - INFO - Entered initiate_data_transformation method of DataTransformation class
[ 2026-03-16 17:15:12,754 ] 65 root - INFO - Starting data transformation
[ 2026-03-16 17:15:12,785 ] 48 root - INFO - Entered get_data_trnasformer_object method of Trnasformation class
[ 2026-03-16 17:15:12,785 ] 53 root - INFO - Initialise KNNImputer with {'missing_values': nan, 'n_neighbors': 3, 'weights': 'uniform'}
[ 2026-03-16 17:15:12,798 ] 46 root - INFO - Entered the save_object method of MainUtils class
[ 2026-03-16 17:15:12,799 ] 50 root - INFO - Exited the save_object method of MainUtils class
[ 2026-03-16 17:15:12,800 ] 46 root - INFO - Entered the save_object method of MainUtils class
[ 2026-03-16 17:15:12,802 ] 50 root - INFO - Exited the save_object method of MainUtils class
[ 2026-03-16 17:15:12,803 ] 35 root - INFO - data Transformation completed
[ 2026-03-16 17:15:12,803 ] 37 root - INFO - Model Training sstared
[ 2026-03-16 17:20:03,413 ] 46 root - INFO - Entered the save_object method of MainUtils class
[ 2026-03-16 17:20:03,414 ] 50 root - INFO - Exited the save_object method of MainUtils class
[ 2026-03-16 17:20:03,414 ] 46 root - INFO - Entered the save_object method of MainUtils class
[ 2026-03-16 17:20:03,424 ] 50 root - INFO - Exited the save_object method of MainUtils class
[ 2026-03-16 17:20:03,424 ] 151 root - INFO - Model trainer artifact: ModelTrainerArtifact(trained_model_file_path='Artifacts\\03_16_2026_17_14_59\\model_trainer\\trained_model\\model.pkl', train_metric_artifact=ClassificationMetricArtifact(f1_score=0.9913148858816401, precision_score=0.9899152884227511, recall_score=0.9927184466019418), test_metric_artifact=ClassificationMetricArtifact(f1_score=0.9864587607714403, precision_score=0.9820261437908496, recall_score=0.9909315746084089))
[ 2026-03-16 17:20:03,426 ] 42 root - INFO - Model Training artifact created
